// Jest Snapshot v1, https://goo.gl/fbAQLP

exports[`Articles Tests Render works correctly 1`] = `
<div>
  <section
    className="text"
  >
    <h2>
      The Perfect way to master Mathematicsis to practice Mathematics
    </h2>
    <p>
      Start learning mathematics using free tool calculator.
    </p>
    <a
      href="/Calculator"
    >
      <button
        className="btn"
        type="button"
      >
        Click To Start!
      </button>
    </a>
  </section>
</div>
`;

exports[`Articles Tests Render works correctly 2`] = `
<div
  className="calculator"
>
  <div
    className="result"
  >
    0
  </div>
  <table>
    <tr>
      <td>
        <button
          name="AC"
          onClick={[Function]}
          type="button"
        >
          AC
        </button>
      </td>
      <td>
        <button
          name="+/-"
          onClick={[Function]}
          type="button"
        >
          +/-
        </button>
      </td>
      <td>
        <button
          name="%"
          onClick={[Function]}
          type="button"
        >
          %
        </button>
      </td>
      <td>
        <button
          name="÷"
          onClick={[Function]}
          type="button"
        >
          ÷
        </button>
      </td>
    </tr>
    <tr>
      <td>
        <button
          name="7"
          onClick={[Function]}
          type="button"
        >
          7
        </button>
      </td>
      <td>
        <button
          name="8"
          onClick={[Function]}
          type="button"
        >
          8
        </button>
      </td>
      <td>
        <button
          name="9"
          onClick={[Function]}
          type="button"
        >
          9
        </button>
      </td>
      <td>
        <button
          className="operator"
          name="x"
          onClick={[Function]}
          type="button"
        >
          x
        </button>
      </td>
    </tr>
    <tr>
      <td>
        <button
          name="4"
          onClick={[Function]}
          type="button"
        >
          4
        </button>
      </td>
      <td>
        <button
          name="5"
          onClick={[Function]}
          type="button"
        >
          5
        </button>
      </td>
      <td>
        <button
          name="6"
          onClick={[Function]}
          type="button"
        >
          6
        </button>
      </td>
      <td>
        <button
          name="-"
          onClick={[Function]}
          type="button"
        >
          -
        </button>
      </td>
    </tr>
    <tr>
      <td>
        <button
          name="1"
          onClick={[Function]}
          type="button"
        >
          1
        </button>
      </td>
      <td>
        <button
          name="2"
          onClick={[Function]}
          type="button"
        >
          2
        </button>
      </td>
      <td>
        <button
          name="3"
          onClick={[Function]}
          type="button"
        >
          3
        </button>
      </td>
      <td>
        <button
          name="+"
          onClick={[Function]}
          type="button"
        >
          +
        </button>
      </td>
    </tr>
    <tr>
      <td
        colSpan={2}
      >
        <button
          name="0"
          onClick={[Function]}
          type="button"
        >
          0
        </button>
      </td>
      <td>
        <button
          name="."
          onClick={[Function]}
          type="button"
        >
          .
        </button>
      </td>
      <td>
        <button
          name="="
          onClick={[Function]}
          type="button"
        >
          =
        </button>
      </td>
    </tr>
  </table>
</div>
`;

exports[`Articles Tests Render works correctly 3`] = `
<div>
  <div
    className="container"
  >
    <h3
      className="quote-text"
    >
      Mathematics as an expression of the human mind reflects the active will, the contemplative reason, and the desire for aesthetic perfection. Its basic elements are logic and intuition, analysis and construction, generality and individuality. — Richard Courant.
    </h3>
  </div>
</div>
`;
